flutter : Waiting for another flutter command to release the startup lock...
At line:1 char:1
+ flutter run > build_output.txt 2>&1; "Build completed"
+ ~~~~~~~~~~~~~~~~~~~~~~~~~~~~~~~~~~~
    + CategoryInfo          : NotSpecified: (Waiting for ano...startup lock... 
   :String) [], RemoteException
    + FullyQualifiedErrorId : NativeCommandError
 
Resolving dependencies...
Downloading packages...
  _flutterfire_internals 1.3.35 (1.3.68 available)
  cloud_firestore 4.17.5 (6.2.0 available)
  cloud_firestore_platform_interface 6.2.5 (7.1.0 available)
  cloud_firestore_web 3.12.5 (5.2.0 available)
  firebase_auth 4.16.0 (6.3.0 available)
  firebase_auth_platform_interface 7.3.0 (8.1.8 available)
  firebase_auth_web 5.8.13 (6.1.4 available)
  firebase_core 2.32.0 (4.6.0 available)
  firebase_core_platform_interface 5.4.2 (6.0.3 available)
  firebase_core_web 2.24.0 (3.5.1 available)
  firebase_storage 11.6.5 (13.2.0 available)
  firebase_storage_platform_interface 5.1.22 (5.2.19 available)
  firebase_storage_web 3.6.22 (3.11.4 available)
  flutter_lints 3.0.2 (6.0.0 available)
  font_awesome_flutter 10.12.0 (11.0.0 available)
  geocoding 2.2.2 (4.0.0 available)
  geocoding_android 3.3.1 (5.0.1 available)
  geocoding_ios 2.3.0 (3.1.0 available)
  geocoding_platform_interface 3.2.0 (5.0.0 available)
  geolocator 10.1.1 (14.0.2 available)
  geolocator_android 4.6.2 (5.0.2 available)
  geolocator_web 2.2.1 (4.1.3 available)
  go_router 13.2.5 (17.1.0 available)
  google_sign_in 6.3.0 (7.2.0 available)
  google_sign_in_android 6.2.1 (7.2.10 available)
  google_sign_in_ios 5.9.0 (6.3.0 available)
  google_sign_in_platform_interface 2.5.0 (3.1.0 available)
  google_sign_in_web 0.12.4+4 (1.1.3 available)
  intl 0.19.0 (0.20.2 available)
  js 0.6.7 (0.7.2 available)
  lints 3.0.0 (6.1.0 available)
  meta 1.17.0 (1.18.2 available)
  test_api 0.7.10 (0.7.11 available)
  vector_math 2.2.0 (2.3.0 available)
Got dependencies!
34 packages have newer versions incompatible with dependency constraints.
Try `flutter pub outdated` for more information.
Launching lib\main.dart on sdk gphone16k x86 64 in debug mode...
../../runtime/vm/zone.cc: 96: error: Out of memory.
version=3.11.1 (stable) (Tue Feb 24 00:03:07 2026 -0800) on "windows_x64"
pid=27664, thread=27688, isolate_group=main(0000024DEFE2CF80), 
isolate=(nil)(0000000000000000)
os=windows, arch=x64, comp=no, sim=no
isolate_instructions=24df26d0000, vm_instructions=7ff7f0838400
fp=80e40fe100, sp=80e40fe0b8, pc=7ff7f0b1cca3
  pc 0x00007ff7f0b1cca3 fp 0x00000080e40fe100 Dart_DetectNullSafety+0x2dc1c3
-- End of DumpStackTrace
=== Crash occurred when compiling dart:core_RegExp_^[VDIWEF]\/flutter[^_]*_\s+ 
in optimizing JIT mode in GenerateCode pass
=== When compiling block B2[join]:46 pred(B164, B167) {
      v285 <- phi(v295 T{_Int32List}, v281 T{_Int32List}) alive T{_Int32List}
}
=== When compiling instruction CheckArrayBound:78(v193, v10 T{_Smi}) [0, 0] 
T{_Smi}
*** BEGIN CFG
GenerateCode
==== dart:core_RegExp_^[VDIWEF]\/flutter[^_]*_\s+ (IrregexpFunction)
  0: B0[graph]:22 {
      v0 <- Constant(#null) T{Null?}
      v1 <- Constant(#<optimized out>) T{Sentinel~}
      v7 <- Constant(#2) [2, 2] T{_Smi}
      v10 <- Constant(#0) [0, 0] T{_Smi}
      v11 <- Constant(#-1) [-1, -1] T{_Smi}
      v13 <- Constant(#1) [1, 1] T{_Smi}
      v17 <- Constant(#32) [32, 32] T{_Smi}
      v30 <- Constant(#47) [47, 47] T{_Smi}
      v32 <- Constant(#-8) [-8, -8] T{_Smi}
      v34 <- Constant(#8) [8, 8] T{_Smi}
      v38 <- Constant(#223) [223, 223] T{_Smi}
      v40 <- Constant(#82) [82, 82] T{_Smi}
      v42 <- Constant(#7) [7, 7] T{_Smi}
      v47 <- Constant(#69) [69, 69] T{_Smi}
      v49 <- Constant(#6) [6, 6] T{_Smi}
      v54 <- Constant(#84) [84, 84] T{_Smi}
      v56 <- Constant(#5) [5, 5] T{_Smi}
      v62 <- Constant(#4) [4, 4] T{_Smi}
      v67 <- Constant(#85) [85, 85] T{_Smi}
      v69 <- Constant(#3) [3, 3] T{_Smi}
      v74 <- Constant(#76) [76, 76] T{_Smi}
      v80 <- Constant(#70) [70, 70] T{_Smi}
      v85 <- Constant(#119) [119, 119] T{_Smi}
      v87 <- Constant(#_Uint8List) T{_Uint8List}
      v88 <- Constant(#127) [127, 127] T{_Smi}
      v93 <- Constant(#9) [9, 9] T{_Smi}
      v107 <- Constant(#58) [58, 58] T{_Smi}
      v132 <- Constant(#TypeArguments: (H171d1f8b) [Type: int]) 
T{TypeArguments}
      v152 <- Constant(#20735) [20735, 20735] T{_Smi}
      v160 <- Constant(#13) [13, 13] T{_Smi}
      v162 <- Constant(#160) [160, 160] T{_Smi}
      v301 <- UnboxedConstant(#0) [0, 0] int32
}
  2: B1[function entry]:24 {
      v2 <- Parameter(0 @fp[4]) T{_RegExp}
      v3 <- Parameter(1 @fp[3]) T{_OneByteString}
      v4 <- Parameter(2 @fp[2]) [-4611686018427387904, 4611686018427387903] 
T{_Smi}
}
  3:     ParallelMove rcx <- fp[3]
  4:     v276 <- LoadField(v3 T{_OneByteString} . String.length {final}) [0, 
2305843009213693951] T{_Smi}
  5:     ParallelMove fp[-4] <- rdx
  6:     ParallelMove rbx <- fp[2]
  6:     v6 <- BinarySmiOp:36(-, v4, v276 T{_Smi}) [-4611686018427387904, 
4611686018427387903] T{_Smi}
  7:     ParallelMove fp[-3] <- rbx
  8:     v281 <- LoadStaticField(_registers@0150898) T{<:Int32List??}
 10:     Branch if StrictCompare:16(===, v281, v0 T{Null?}) goto (165, 163)
 12: B165[target]:32
 14:     ParallelMove  goto:34 B164
 16: B163[target]:28
 18:     CheckClass:20(v281 T{<:Int32List?} Cids[1: _Int32List@8027147 etc.  
cid 132])
 20:     v300 <- LoadField(v281 T{_Int32List} . TypedDataBase.length {final}) 
[0, 4611686018427387903] T{_Smi}
 22:     Branch if RelationalOp:22(<, v300, v7) T{bool} goto (166, 167)
 24: B166[target]:36
 26:     ParallelMove  goto:38 B164
 28: B164[join]:30 pred(B165, B166)
 29:     ParallelMove rax <- C
 30:     v295 <- AllocateTypedData:10(v7 T{_Smi}) T{_Int32List}
 31:     ParallelMove rdx <- rax, rax <- rax
 32:     StoreStaticField:42(_registers@0150898, v295 T{_Int32List})
 34:     ParallelMove rax <- rax goto:48 B2
 36: B167[target]:44
 38:     ParallelMove rax <- rax goto:50 B2
 40: B2[join]:46 pred(B164, B167) {
      v285 <- phi(v295 T{_Int32List}, v281 T{_Int32List}) alive T{_Int32List}
}
 41:     ParallelMove fp[-5] <- rax
 42:     v9 <- LoadStaticField:40(_backtrackingStack@0150898, 
CallsInitializer) T{<:Int32List}
 44:     ParallelMove rcx <- C
 44:     v12 <- BinarySmiOp:42(- [-o], v11, v276 T{_Smi}) 
[-2305843009213693952, -1] T{_Smi}
 45:     ParallelMove rdx <- fp[-5]
 46:     v185 <- LoadField(v285 T{_Int32List} . TypedDataBase.length {final}) 
[0, 4611686018427387903] T{_Smi}
 48:     CheckArrayBound:44(v185, v10) [0, 0] T{_Smi}
 50:     ParallelMove rsi <- rcx
 50:     v187 <- UnboxInt32:44(v12 T{_Smi}) [-2147483648, 2147483647] int32
 52:     StoreIndexed:44([_Int32List] v285 T{_Int32List}, v10 T{_Smi}, v187, 
NoStoreBarrier)
 54:     CheckArrayBound:48(v185 T{_Smi}, v13) [1, 1] T{_Smi}
 56:     StoreIndexed:48([_Int32List] v285 T{_Int32List}, v13 T{_Smi}, v187 
T{_Smi}, NoStoreBarrier)
 58:     CheckClass:78(v9 Cids[1: _Int32List@8027147 etc.  cid 132])
 60:     v193 <- LoadField(v9 T{_Int32List} . TypedDataBase.length {final}) 
[0, 4611686018427387903] T{_Smi}
 62:     CheckArrayBound:78(v193, v10 T{_Smi}) [0, 0] T{_Smi}
 63:     ParallelMove rbx <- C
 64:     StoreIndexed:78([_Int32List] v9 T{_Int32List}, v10 T{_Smi}, v301 
T{_Smi}, NoStoreBarrier)
 66:     v18 <- BinarySmiOp:82(- [-o], v193 T{_Smi}, v17) [v388-32, v388-32] 
T{_Smi}
 68:     Branch if RelationalOp:86(>, v18, v10 T{_Smi}) T{bool} goto (7, 9)
 70: B7[target]:94
 72:     ParallelMove rcx <- rax goto:96 B11
 74: B9[target]:98
 76:     v21 <- StaticCall:102( _growBacktrackingStack@0150898<0> ) 
T{<:Int32List}
 78:     ParallelMove rcx <- rax goto:104 B11
 80: B11[join]:92 pred(B7, B9) {
      v22 <- phi(v9 T{_Int32List}, v21) alive T{<:Int32List}
} ParallelMove rax <- fp[-3]
 81:     ParallelMove fp[-6] <- rcx
 82:     ParallelMove rdx <- fp[-4]
 82:     v23 <- UnarySmiOp:108(unary-, v276 T{_Smi}) [-4611686018427387904, 
4611686018427387903] T{_Smi}
 84:     Branch if EqualityCompare:112(v23 != v6 T{_Smi}) T{bool} goto (12, 14)
 86: B12[target]:120
 88:     ParallelMove rbx <- rcx, rdx <- C, rax <- fp[3], rcx <- fp[-5] 
goto:122 B4
 90: B14[target]:124
 92:     Branch if RelationalOp:128(>=, v6, v11) T{bool} goto (15, 17)
 94: B15[target]:136
 96:     ParallelMove rbx <- rcx, rdx <- C, rax <- fp[3], rcx <- fp[-5] 
goto:138 B4
 98: B17[target]:140 ParallelMove rdx <- fp[3]
100:     ParallelMove rbx <- rax
100:     v27 <- BinarySmiOp:144(+ [-o], v6 T{_Smi}, v13) 
[-4611686018427387903, -1] T{_Smi}
102:     v28 <- BinarySmiOp:146(+ [-o], v27, v276 T{_Smi}) 
[-4611686018427387903, 2305843009213693950] T{_Smi}
104:     ParallelMove rsi <- rbx
104:     v29 <- LoadCodeUnits(v3, v28) [0, 255] T{_Smi}
106:     Branch if EqualityCompare:148(v29 != v30) T{bool} goto (18, 20)
108: B18[target]:156
110:     ParallelMove rbx <- rcx, rdx <- C, rax <- rdx, rcx <- fp[-5] goto:158 
B4
112: B20[target]:160
114:     Branch if RelationalOp:164(>=, v6 T{_Smi}, v32) T{bool} goto (21, 23)
116: B21[target]:172
118:     ParallelMove rbx <- rcx, rdx <- C, rax <- rdx, rcx <- fp[-5] goto:174 
B4
120: B23[target]:176
122:     ParallelMove rbx <- rax
122:     v35 <- BinarySmiOp:180(+ [-o], v6 T{_Smi}, v34) 
[-4611686018427387896, -1] T{_Smi}
124:     v36 <- BinarySmiOp:182(+ [-o], v35, v276 T{_Smi}) 
[-4611686018427387896, 2305843009213693950] T{_Smi}
126:     ParallelMove rsi <- rbx
126:     v37 <- LoadCodeUnits(v3, v36) [0, 255] T{_Smi}
128:     v39 <- BinarySmiOp:186(& [-o], v37, v38) [0, 223] T{_Smi}
130:     Branch if EqualityCompare:188(v39 != v40) T{bool} goto (24, 26)
132: B24[target]:196
134:     ParallelMove rbx <- rcx, rdx <- C, rax <- rdx, rcx <- fp[-5] goto:198 
B4
136: B26[target]:200
138:     ParallelMove rbx <- rax
138:     v43 <- BinarySmiOp:204(+ [-o], v6 T{_Smi}, v42) 
[-4611686018427387897, -2] T{_Smi}
140:     v44 <- BinarySmiOp:206(+ [-o], v43, v276 T{_Smi}) 
[-4611686018427387897, 2305843009213693949] T{_Smi}
142:     ParallelMove rsi <- rbx
142:     v45 <- LoadCodeUnits(v3, v44) [0, 255] T{_Smi}
144:     v46 <- BinarySmiOp:210(& [-o], v45, v38) [0, 223] T{_Smi}
146:     Branch if EqualityCompare:212(v46 != v47) T{bool} goto (27, 29)
148: B27[target]:220
150:     ParallelMove rbx <- rcx, rdx <- C, rax <- rdx, rcx <- fp[-5] goto:222 
B4
152: B29[target]:224
154:     ParallelMove rbx <- rax
154:     v50 <- BinarySmiOp:228(+ [-o], v6 T{_Smi}, v49) 
[-4611686018427387898, -3] T{_Smi}
156:     v51 <- BinarySmiOp:230(+ [-o], v50, v276) [-4611686018427387898, 
2305843009213693948] T{_Smi}
158:     ParallelMove rsi <- rbx
158:     v52 <- LoadCodeUnits(v3, v51) [0, 255] T{_Smi}
160:     v53 <- BinarySmiOp:234(& [-o], v52, v38) [0, 223] T{_Smi}
162:     Branch if EqualityCompare:236(v53 != v54) T{bool} goto (30, 32)
164: B30[target]:244
166:     ParallelMove rbx <- rcx, rdx <- C, rax <- rdx, rcx <- fp[-5] goto:246 
B4
168: B32[target]:248
170:     ParallelMove rbx <- rax
170:     v57 <- BinarySmiOp:252(+ [-o], v6 T{_Smi}, v56) 
[-4611686018427387899, -4] T{_Smi}
172:     v58 <- BinarySmiOp:254(+ [-o], v57, v276) [-4611686018427387899, 
2305843009213693947] T{_Smi}
174:     ParallelMove rsi <- rbx
174:     v59 <- LoadCodeUnits(v3, v58) [0, 255] T{_Smi}
176:     v60 <- BinarySmiOp:258(& [-o], v59, v38) [0, 223] T{_Smi}
178:     Branch if EqualityCompare:260(v60 != v54) T{bool} goto (33, 35)
180: B33[target]:268
182:     ParallelMove rbx <- rcx, rdx <- C, rax <- rdx, rcx <- fp[-5] goto:270 
B4
184: B35[target]:272
186:     ParallelMove rbx <- rax
186:     v63 <- BinarySmiOp:276(+ [-o], v6 T{_Smi}, v62) 
[-4611686018427387900, -5] T{_Smi}
188:     v64 <- BinarySmiOp:278(+ [-o], v63, v276) [-4611686018427387900, 
2305843009213693946] T{_Smi}
190:     ParallelMove rsi <- rbx
190:     v65 <- LoadCodeUnits(v3, v64) [0, 255] T{_Smi}
192:     v66 <- BinarySmiOp:282(& [-o], v65, v38) [0, 223] T{_Smi}
194:     Branch if EqualityCompare:284(v66 != v67) T{bool} goto (36, 38)
196: B36[target]:292
198:     ParallelMove rbx <- rcx, rdx <- C, rax <- rdx, rcx <- fp[-5] goto:294 
B4
200: B38[target]:296
202:     ParallelMove rbx <- rax
202:     v70 <- BinarySmiOp:300(+ [-o], v6 T{_Smi}, v69) 
[-4611686018427387901, -6] T{_Smi}
204:     v71 <- BinarySmiOp:302(+ [-o], v70, v276) [-4611686018427387901, 
2305843009213693945] T{_Smi}
206:     ParallelMove rsi <- rbx
206:     v72 <- LoadCodeUnits(v3, v71) [0, 255] T{_Smi}
208:     v73 <- BinarySmiOp:306(& [-o], v72, v38) [0, 223] T{_Smi}
210:     Branch if EqualityCompare:308(v73 != v74) T{bool} goto (39, 41)
212: B39[target]:316
214:     ParallelMove rbx <- rcx, rdx <- C, rax <- rdx, rcx <- fp[-5] goto:318 
B4
216: B41[target]:320
218:     ParallelMove rbx <- rax
218:     v76 <- BinarySmiOp:324(+ [-o], v6 T{_Smi}, v7) [-4611686018427387902, 
-7] T{_Smi}
220:     v77 <- BinarySmiOp:326(+ [-o], v76, v276) [-4611686018427387902, 
2305843009213693944] T{_Smi}
222:     ParallelMove rsi <- rbx
222:     v78 <- LoadCodeUnits(v3, v77) [0, 255] T{_Smi}
224:     v79 <- BinarySmiOp:330(& [-o], v78, v38) [0, 223] T{_Smi}
226:     Branch if EqualityCompare:332(v79 != v80) T{bool} goto (42, 44)
228: B42[target]:340
230:     ParallelMove rbx <- rcx, rdx <- C, rax <- rdx, rcx <- fp[-5] goto:342 
B4
232: B44[target]:344
234:     ParallelMove rbx <- rax
234:     v83 <- BinarySmiOp:350(+ [-o], v6 T{_Smi}, v276) 
[-4611686018427387904, 2305843009213693942] T{_Smi}
236:     ParallelMove rsi <- rbx
236:     v84 <- LoadCodeUnits(v3, v83) [0, 255] T{_Smi}
238:     Branch if RelationalOp:356(>, v84, v85) T{bool} goto (45, 47)
240: B45[target]:364
242:     ParallelMove rbx <- rcx, rdx <- C, rax <- rdx, rcx <- fp[-5] goto:366 
B4
244: B47[target]:368 ParallelMove rsi <- C
246:     v89 <- BinarySmiOp:374(& [-o], v84 T{_Smi}, v88) [0, 127] T{_Smi}
248:     ParallelMove rdi <- rbx
248:     v231 <- LoadIndexed:376([_Uint8List] v87, v89 T{_Smi}) [0, 255] int64
250:     v335 <- BoxInt64(v231) [0, 255] T{_Smi}
252:     Branch if EqualityCompare:378(v335 T{_Smi} != v10 T{_Smi}) T{bool} 
goto (51, 50)
254: B51[target]:386 ParallelMove rbx <- fp[-5]
256:     ParallelMove rsi <- rax
256:     v235 <- UnboxInt32:398(v6 T{_Smi}) [-2147483648, 2147483647] int32
258:     StoreIndexed:398([_Int32List] v285 T{_Int32List}, v10 T{_Smi}, v235, 
NoStoreBarrier)
260:     v94 <- BinarySmiOp:400(+ [-o], v6 T{_Smi}, v93) 
[-4611686018427387895, 0] T{_Smi}
261:     ParallelMove fp[-3] <- rax
262:     MoveArgument(sp[2] <- v22)
264:     MoveArgument(sp[1] <- v13 T{_Smi})
266:     MoveArgument(sp[0] <- v13)
268:     InstanceCall:410( []=<0>, v22, v13 T{_Smi}, v13 IC[0: ])
270:     MoveArgument(sp[0] <- v22 T{<:Int32List})
272:     v96 <- InstanceCall:412( get:length<0>, v22 T{<:Int32List} IC[0: ]) 
T{<:*?}
274:     CheckSmi:414(v96)
276:     ParallelMove rcx <- rax
276:     v97 <- BinarySmiOp:414(-, v96 T{_Smi}, v17) [-4611686018427387904, 
4611686018427387871] T{_Smi}
278:     Branch if RelationalOp:418(>, v97, v13) T{bool} goto (53, 55)
280: B53[target]:426
282:     ParallelMove rax <- fp[-6] goto:428 B57
284: B55[target]:430
286:     v99 <- StaticCall:434( _growBacktrackingStack@0150898<0> ) 
T{<:Int32List}
288:     ParallelMove rax <- rax goto:436 B57
290: B57[join]:424 pred(B53, B55) {
      v100 <- phi(v22 T{<:Int32List}, v99) alive T{<:Int32List}
}
291:     ParallelMove fp[-7] <- rax
292:     MoveArgument(sp[2] <- v100)
294:     MoveArgument(sp[1] <- v7 T{_Smi})
296:     MoveArgument(sp[0] <- v94)
298:     InstanceCall:484( []=<0>, v100, v7 T{_Smi}, v94 IC[0: ])
300:     ParallelMove rcx <- fp[-3], rax <- fp[3] goto:490 B58
302: B58[join]:488 pred(B57, B65) {
      v102 <- phi(v94, v109) alive [-4611686018427387895, 0] T{_Smi}
}
304:     Branch if RelationalOp:494(>=, v102 T{_Smi}, v10 T{_Smi}) T{bool} 
goto (59, 61)
306: B59[target]:502
308:     ParallelMove  goto:504 B66
310: B61[target]:506
312:     ParallelMove rdx <- rcx
312:     v105 <- BinarySmiOp:512(+ [-o], v102 T{_Smi}, v276) 
[-4611686018427387895, 2305843009213693950] T{_Smi}
314:     ParallelMove rbx <- rdx
314:     v106 <- LoadCodeUnits(v3, v105) [0, 255] T{_Smi}
316:     Branch if EqualityCompare:516(v106 == v107) T{bool} goto (62, 65)
318: B62[target]:524
320:     ParallelMove  goto:526 B66
322: B66[join]:486 pred(B59, B62)
324:     ParallelMove rsi <- fp[-7], rbx <- C, rdx <- rcx goto:540 B67
326: B65[target]:528
328:     v109 <- BinarySmiOp:534(+ [-o], v102 T{_Smi}, v13) 
[-4611686018427387894, 0] T{_Smi}
330:     ParallelMove rcx <- rcx goto:536 B58
332: B50[target]:390 ParallelMove rax <- rdx
334:     ParallelMove rbx <- fp[-6], rdx <- C, rcx <- fp[-5] goto:394 B4
336: B4[join]:30 pred(B12, B15, B18, B21, B24, B27, B30, B33, B36, B39, B42, 
B45, B50, B126, B133, B135) {
      v110 <- phi(v22, v22, v22, v22, v22, v22, v22, v22, v22, v22, v22, v22, 
v22, v110 T{_Int32List}, v138 T{<:*}, v110 T{_Int32List}) alive T{<:*}
      v111 <- phi(v10 T{_Smi}, v10 T{_Smi}, v10 T{_Smi}, v10 T{_Smi}, v10 
T{_Smi}, v10 T{_Smi}, v10 T{_Smi}, v10 T{_Smi}, v10 T{_Smi}, v10 T{_Smi}, v10 
T{_Smi}, v10 T{_Smi}, v10 T{_Smi}, v118, v143, v112) alive 
[-4611686018427387904, 4611686018427387902] T{_Smi}
}
338:     CheckStackOverflow:984(stack=0, loop=1)
340:     ParallelMove rsi <- rdx
340:     v112 <- BinarySmiOp:986(-, v111 T{_Smi}, v13) [-4611686018427387904, 
4611686018427387901] T{_Smi}
342:     CheckClass:988(v110 Cids[1: _Int32List@8027147 etc.  cid 132])
344:     v196 <- LoadField(v110 T{_Int32List} . TypedDataBase.length {final}) 
[0, 4611686018427387903] T{_Smi}
346:     CheckArrayBound:988(v196, v111 T{_Smi}) [0, 4611686018427387902] 
T{_Smi}
348:     v198 <- LoadIndexed:988([_Int32List] v110 T{_Int32List}, v111 
T{_Smi}) [-2147483648, 2147483647] int32
350:     v336 <- BoxSmallInt(v198) [-2147483648, 2147483647] T{_Smi}
352:     igoto:(v336 T{_Smi})
354: B5[target]:990
355:     ParallelMove rax <- C
356:     DartReturn:68(v0)
358: B135[target]:994
360:     ParallelMove rbx <- rbx, rdx <- rsi goto:980 B4
362: B128[target]:998
364:     ParallelMove rdx <- rsi
364:     v120 <- BinarySmiOp:942(-, v112, v13) [-4611686018427387904, 
4611686018427387900] T{_Smi}
366:     CheckArrayBound:944(v196 T{_Smi}, v112) [0, 4611686018427387901] 
T{_Smi}
368:     v238 <- LoadIndexed:944([_Int32List] v110 T{_Int32List}, v112 
T{_Smi}) [-2147483648, 2147483647] int32
370:     v337 <- BoxSmallInt(v238) [-2147483648, 2147483647] T{_Smi}
372:     ParallelMove rsi <- rbx, rbx <- rdx, rdx <- rsi goto:946 B130
374: B130[join]:440 pred(B68, B71, B85, B128) {
      v138 <- phi(v145, v145, v145, v110 T{_Int32List}) alive T{<:*}
      v139 <- phi(v146, v146, v146, v120) alive [-4611686018427387904, 
4611686018427387903] T{_Smi}
      v140 <- phi(v147 T{_Smi}, v147 T{_Smi}, v147 T{_Smi}, v337 T{_Smi}) 
alive [-4611686018427387904, 2147483647] T{_Smi}
}
375:     ParallelMove fp[-3] <- rsi, fp[-6] <- rbx, fp[-7] <- rdx
376:     MoveArgument(sp[1] <- v138)
378:     MoveArgument(sp[0] <- v139)
380:     v141 <- InstanceCall:952( []<0>, v138, v139 IC[0: ]) T{<:*?}
382:     CheckSmi:954(v141)
383:     ParallelMove rcx <- fp[-7]
384:     Branch if EqualityCompare:954(v141 T{_Smi} != v140) T{bool} goto 
(134, 133)
386: B134[target]:962
388:     ParallelMove rax <- rcx
388:     v144 <- BinarySmiOp:976(+, v140 T{_Smi}, v11) [-4611686018427387904, 
2147483646] T{_Smi}
390:     ParallelMove rsi <- fp[-3], rbx <- fp[-6], rdx <- rax goto:978 B67
392: B67[join]:538 pred(B66, B134) {
      v145 <- phi(v100 T{<:Int32List}, v138 T{<:*}) alive T{<:*}
      v146 <- phi(v7 T{_Smi}, v139) alive [-4611686018427387904, 
4611686018427387903] T{_Smi}
      v147 <- phi(v102 T{_Smi}, v144) alive [-4611686018427387904, 2147483646] 
T{_Smi}
}
393:     ParallelMove fp[-8] <- rsi, fp[-9] <- rdx
394:     Branch if RelationalOp:542(>=, v147 T{_Smi}, v11) T{bool} goto (68, 
70)
396: B68[target]:550
398:     ParallelMove rsi <- rsi, rbx <- rbx, rdx <- rdx, rax <- fp[3], rcx <- 
fp[-5] goto:552 B130
400: B70[target]:554 ParallelMove rax <- fp[3]
402:     ParallelMove rcx <- rdx
402:     v150 <- BinarySmiOp:560(+ [-o], v147 T{_Smi}, v276) 
[-4611686018427387904, 2305843009213693949] T{_Smi}
404:     ParallelMove rdi <- rcx
404:     v151 <- LoadCodeUnits(v3, v150) [0, 65535] T{_Smi}
406:     v153 <- BinarySmiOp:562(& [-o], v151, v152) [0, 20735] T{_Smi}
408:     Branch if EqualityCompare:564(v153 != v107) T{bool} goto (71, 74)
410: B71[target]:572
412:     ParallelMove rsi <- rsi, rbx <- rbx, rdx <- rdx, rcx <- fp[-5] 
goto:574 B130
414: B74[target]:576
416:     ParallelMove rcx <- rdx
416:     v155 <- BinarySmiOp:582(+ [-o], v147 T{_Smi}, v13) 
[-4611686018427387903, -1] T{_Smi}
418:     v156 <- BinarySmiOp:584(+ [-o], v155, v276) [-4611686018427387903, 
2305843009213693950] T{_Smi}
420:     ParallelMove rdi <- rcx
420:     v157 <- LoadCodeUnits(v3, v156) [0, 255] T{_Smi}
422:     Branch if EqualityCompare:588(v157 == v17) T{bool} goto (75, 77)
424: B75[target]:596
426:     ParallelMove  goto:598 B88
428: B77[target]:600
430:     Branch if RelationalOp:606(<, v157, v93) T{bool} goto (78, 80)
432: B78[target]:614
434:     ParallelMove  goto:616 B84
436: B80[target]:618
438:     Branch if RelationalOp:622(>, v157 T{_Smi}, v160) T{bool} goto (81, 
83)
440: B81[target]:630
442:     ParallelMove  goto:632 B84
444: B84[join]:604 pred(B78, B81)
446:     Branch if EqualityCompare:640(v157 != v162) T{bool} goto (85, 87)
448: B85[target]:648
450:     ParallelMove rsi <- rsi, rbx <- rbx, rdx <- rdx, rcx <- fp[-5] 
goto:650 B130
452: B87[target]:652
454:     ParallelMove  goto:656 B88
456: B83[target]:634
458:     ParallelMove  goto:638 B88
460: B88[join]:586 pred(B75, B83, B87)
462:     ParallelMove rcx <- rbx
462:     v164 <- BinarySmiOp:658(+, v146 T{_Smi}, v13) [-4611686018427387903, 
4611686018427387903] T{_Smi}
463:     ParallelMove fp[-7] <- rcx
464:     MoveArgument(sp[2] <- v145)
466:     MoveArgument(sp[1] <- v164)
468:     MoveArgument(sp[0] <- v147 T{_Smi})
470:     InstanceCall:660( []=<0>, v145, v164, v147 T{_Smi} IC[0: ])
472:     ParallelMove rax <- fp[-9]
472:     v165 <- BinarySmiOp:662(+ [-o], v147 T{_Smi}, v7) 
[-4611686018427387902, 0] T{_Smi}
473:     ParallelMove fp[-10] <- rax
474:     ParallelMove rcx <- fp[-7]
474:     v166 <- BinarySmiOp:670(+, v164, v13) [-4611686018427387902, 
4611686018427387903] T{_Smi}
475:     ParallelMove fp[-9] <- rcx
476:     MoveArgument(sp[2] <- v145 T{<:*})
478:     MoveArgument(sp[1] <- v166)
480:     MoveArgument(sp[0] <- v7)
482:     InstanceCall:672( []=<0>, v145 T{<:*}, v166, v7 IC[0: ])
484:     MoveArgument(sp[0] <- v145 T{<:*})
486:     v167 <- InstanceCall:674( get:length<0>, v145 T{<:*} IC[0: ]) T{<:*?}
488:     CheckSmi:676(v167)
490:     ParallelMove rcx <- rax
490:     v168 <- BinarySmiOp:676(-, v167 T{_Smi}, v17) [-4611686018427387904, 
4611686018427387871] T{_Smi}
491:     ParallelMove rax <- fp[-9]
492:     Branch if RelationalOp:680(>, v168, v166) T{bool} goto (90, 92)
494: B90[target]:688
496:     ParallelMove rax <- fp[-8] goto:690 B94
498: B92[target]:692
500:     v170 <- StaticCall:696( _growBacktrackingStack@0150898<0> ) 
T{<:Int32List}
502:     ParallelMove rax <- rax goto:698 B94
504: B94[join]:686 pred(B90, B92) {
      v171 <- phi(v145 T{<:*}, v170) alive T{<:*}
}
505:     ParallelMove fp[-8] <- rax
506:     ParallelMove rcx <- fp[-9]
506:     v172 <- BinarySmiOp:744(+, v166, v13) [-4611686018427387901, 
4611686018427387903] T{_Smi}
507:     ParallelMove fp[-7] <- rcx
508:     MoveArgument(sp[2] <- v171)
510:     MoveArgument(sp[1] <- v172)
512:     MoveArgument(sp[0] <- v165)
514:     InstanceCall:746( []=<0>, v171, v172, v165 IC[0: ])
516:     ParallelMove rcx <- fp[-10], rax <- fp[3] goto:752 B95
518: B95[join]:750 pred(B94, B112) {
      v173 <- phi(v165, v182) alive [-4611686018427387903, 0] T{_Smi}
}
520:     Branch if RelationalOp:756(>=, v173 T{_Smi}, v10 T{_Smi}) T{bool} 
goto (96, 98)
522: B96[target]:764
524:     ParallelMove  goto:766 B113
526: B98[target]:768
528:     ParallelMove rdx <- rcx
528:     v176 <- BinarySmiOp:774(+ [-o], v173 T{_Smi}, v276) 
[-4611686018427387903, 2305843009213693950] T{_Smi}
530:     ParallelMove rbx <- rdx
530:     v177 <- LoadCodeUnits(v3, v176) [0, 255] T{_Smi}
532:     Branch if EqualityCompare:778(v177 == v17) T{bool} goto (99, 101)
534: B99[target]:786
536:     ParallelMove  goto:788 B112
538: B101[target]:790
540:     Branch if RelationalOp:796(<, v177, v93) T{bool} goto (102, 104)
542: B102[target]:804
544:     ParallelMove  goto:806 B108
546: B104[target]:808
548:     Branch if RelationalOp:812(>, v177 T{_Smi}, v160) T{bool} goto (105, 
107)
550: B105[target]:820
552:     ParallelMove  goto:822 B108
554: B108[join]:794 pred(B102, B105)
556:     Branch if EqualityCompare:830(v177 != v162) T{bool} goto (109, 111)
558: B109[target]:838
560:     ParallelMove  goto:840 B113
562: B113[join]:748 pred(B96, B109)
564:     ParallelMove rbx <- fp[-8], rdx <- fp[-7], rcx <- rcx goto:854 B114
566: B111[target]:842
568:     ParallelMove  goto:846 B112
570: B107[target]:824
572:     ParallelMove  goto:828 B112
574: B112[join]:776 pred(B99, B107, B111)
576:     v182 <- BinarySmiOp:848(+ [-o], v173 T{_Smi}, v13) 
[-4611686018427387902, 0] T{_Smi}
578:     ParallelMove rcx <- rcx goto:850 B95
580: B133[target]:966 ParallelMove rax <- fp[3]
582:     ParallelMove rcx <- fp[-6]
582:     v143 <- BinarySmiOp:970(-, v139 T{_Smi}, v13) [-4611686018427387904, 
4611686018427387902] T{_Smi}
583:     ParallelMove fp[-7] <- rcx
584:     MoveArgument(sp[1] <- v138 T{<:*})
586:     MoveArgument(sp[0] <- v139 T{_Smi})
588:     InstanceCall:972( []<0>, v138 T{<:*}, v139 T{_Smi} IC[0: ])
590:     ParallelMove rbx <- fp[-3], rdx <- fp[-7], rax <- fp[3], rcx <- 
fp[-5] goto:974 B4
592: B123[target]:1002
594:     ParallelMove rax <- rsi
594:     v114 <- BinarySmiOp:904(-, v112, v13) [-4611686018427387904, 
4611686018427387900] T{_Smi}
596:     CheckArrayBound:906(v196 T{_Smi}, v112) [0, 4611686018427387901] 
T{_Smi}
598:     v241 <- LoadIndexed:906([_Int32List] v110 T{_Int32List}, v112 
T{_Smi}) [-2147483648, 2147483647] int32
600:     CheckArrayBound:914(v196 T{_Smi}, v114) [0, 4611686018427387900] 
T{_Smi}
602:     v244 <- LoadIndexed:914([_Int32List] v110 T{_Int32List}, v114 
T{_Smi}) [-2147483648, 2147483647] int32
604:     v338 <- BoxSmallInt(v241) [-2147483648, 2147483647] T{_Smi}
606:     v340 <- BoxSmallInt(v244) [-2147483648, 2147483647] T{_Smi}
608:     Branch if EqualityCompare:916(v340 T{_Smi} != v338 T{_Smi}) T{bool} 
goto (127, 126)
610: B127[target]:924
612:     v119 <- BinarySmiOp:938(+ [-o], v338 T{_Smi}, v11) [-2147483649, 
2147483646] T{_Smi}
614:     ParallelMove rbx <- rbx, rdx <- rax, rcx <- rsi goto:940 B114
616: B114[join]:852 pred(B113, B127) {
      v122 <- phi(v171 T{<:*}, v110 T{_Int32List}) alive T{<:*}
      v123 <- phi(v172, v114 T{_Smi}) alive [-4611686018427387901, 
4611686018427387903] T{_Smi}
      v124 <- phi(v173 T{_Smi}, v119) alive [-4611686018427387903, 2147483646] 
T{_Smi}
} ParallelMove rax <- fp[-5]
617:     ParallelMove fp[-6] <- rbx, fp[-7] <- rcx
618:     ParallelMove rsi <- rdx
618:     v125 <- BinarySmiOp:856(+, v123 T{_Smi}, v13) [-4611686018427387900, 
4611686018427387903] T{_Smi}
619:     ParallelMove fp[-3] <- rsi
620:     MoveArgument(sp[2] <- v122)
622:     MoveArgument(sp[1] <- v125)
624:     MoveArgument(sp[0] <- v124)
626:     InstanceCall:858( []=<0>, v122, v125, v124 IC[0: ])
628:     ParallelMove rax <- fp[-7]
628:     v248 <- UnboxInt32:862(v124 T{_Smi}) [-2147483648, 2147483647] int32
629:     ParallelMove rcx <- fp[-5]
630:     StoreIndexed:862([_Int32List] v285 T{_Int32List}, v13 T{_Smi}, v248, 
NoStoreBarrier)
632:     ParallelMove rax <- fp[-3]
632:     v127 <- BinarySmiOp:870(+, v125, v13) [-4611686018427387899, 
4611686018427387903] T{_Smi}
633:     ParallelMove fp[-7] <- rax
634:     MoveArgument(sp[2] <- v122 T{<:*})
636:     MoveArgument(sp[1] <- v127)
638:     MoveArgument(sp[0] <- v69)
640:     InstanceCall:872( []=<0>, v122 T{<:*}, v127, v69 IC[0: ])
642:     MoveArgument(sp[0] <- v122 T{<:*})
644:     v128 <- InstanceCall:874( get:length<0>, v122 T{<:*} IC[0: ]) T{<:*?}
646:     CheckSmi:876(v128)
648:     ParallelMove rcx <- rax
648:     v129 <- BinarySmiOp:876(-, v128 T{_Smi}, v17) [-4611686018427387904, 
4611686018427387871] T{_Smi}
649:     ParallelMove rax <- fp[-7]
650:     Branch if RelationalOp:880(>, v129, v127) T{bool} goto (116, 118)
652: B116[target]:888
654:     ParallelMove  goto:890 B3
656: B118[target]:892
658:     v131 <- StaticCall:896( _growBacktrackingStack@0150898<0> ) 
T{<:Int32List}
660:     ParallelMove  goto:898 B3
662: B3[join]:886 pred(B116, B118) ParallelMove rax <- fp[-5]
663:     ParallelMove rbx <- C, r10 <- C
664:     v133 <- CreateArray:52(v132, v7, <not-aliased>) T{_List}
665:     ParallelMove rax <- rax, rcx <- fp[-5]
666:     v251 <- LoadIndexed:54([_Int32List] v285 T{_Int32List}, v10 T{_Smi}) 
[-2147483648, 2147483647] int32
668:     v341 <- BoxSmallInt(v251) [-2147483648, 2147483647] T{_Smi}
670:     v135 <- BinarySmiOp:56(+ [-o], v341 T{_Smi}, v276) [-2147483648, 
2305843011361177598] T{_Smi}
672:     StoreIndexed:58([_List] v133, v10 T{_Smi}, v135, NoStoreBarrier)
674:     v259 <- LoadIndexed:60([_Int32List] v285 T{_Int32List}, v13 T{_Smi}) 
[-2147483648, 2147483647] int32
676:     v342 <- BoxSmallInt(v259) [-2147483648, 2147483647] T{_Smi}
678:     v137 <- BinarySmiOp:62(+ [-o], v342 T{_Smi}, v276) [-2147483648, 
2305843011361177598] T{_Smi}
680:     StoreIndexed:64([_List] v133, v13 T{_Smi}, v137, NoStoreBarrier)
682:     DartReturn:66(v133)
684: B126[target]:928 ParallelMove rcx <- fp[-5]
686:     v118 <- BinarySmiOp:932(- [-o], v114 T{_Smi}, v13) [-1, 
4611686018427387899] T{_Smi}
688:     ParallelMove rbx <- rbx, rdx <- rax, rax <- fp[3] goto:936 B4
*** END CFG
Running Gradle task 'assembleDebug'...                          
